Starting project at C:\Users\Dooddles07\Desktop\Life Budget Simulator
Starting Metro Bundler

› Opening exp://192.168.100.28:8081 on Pixel_8_Pro
Waiting on http://localhost:8081

Logs for your project will appear below.
| (node:1540) Warning: The 'NO_COLOR' env is ignored due to the 'FORCE_COLOR' env being set.
| (Use `node --trace-warnings ...` to show where the warning was created)
| (node:1540) Warning: The 'NO_COLOR' env is ignored due to the 'FORCE_COLOR' env being set.
| (Use `node --trace-warnings ...` to show where the warning was created)
| (node:1540) Warning: The 'NO_COLOR' env is ignored due to the 'FORCE_COLOR' env being set.
| (Use `node --trace-warnings ...` to show where the warning was created)
| (node:1540) Warning: The 'NO_COLOR' env is ignored due to the 'FORCE_COLOR' env being set.
| (Use `node --trace-warnings ...` to show where the warning was created)
| (node:1540) Warning: The 'NO_COLOR' env is ignored due to the 'FORCE_COLOR' env being set.
| (Use `node --trace-warnings ...` to show where the warning was created)
| (node:1540) Warning: The 'NO_COLOR' env is ignored due to the 'FORCE_COLOR' env being set.
| (Use `node --trace-warnings ...` to show where the warning was created)
| (node:1540) Warning: The 'NO_COLOR' env is ignored due to the 'FORCE_COLOR' env being set.
| (Use `node --trace-warnings ...` to show where the warning was created)
| (node:1540) Warning: The 'NO_COLOR' env is ignored due to the 'FORCE_COLOR' env being set.
| (Use `node --trace-warnings ...` to show where the warning was created)
Android Bundled 18453ms node_modules\expo-router\entry.js (3775 modules)
Android Bundled 1640ms node_modules\expo-router\entry.js (1 module)
Android Bundled 115ms node_modules\expo-router\entry.js (1 module)
Android Bundled 100ms node_modules\expo-router\entry.js (1 module)
Android Bundled 103ms node_modules\expo-router\entry.js (1 module)
Android Bundled 121ms node_modules\expo-router\entry.js (1 module)
Android Bundled 87ms node_modules\expo-router\entry.js (1 module)
